// Jest Snapshot v1, https://goo.gl/fbAQLP

exports[`App component renders correctly 1`] = `[Function]`;

exports[`App component renders message on initial load 1`] = `
<p
  id="message"
>
  Present your palm, my child.
</p>
`;
